[debug] [2026-07-26T14:26:03.732Z] ----------------------------------------------------------------------
[debug] [2026-07-26T14:26:03.793Z] Command:       C:\Program Files\nodejs\node.exe C:\Users\DIVYA\AppData\Roaming\npm\node_modules\firebase-tools\lib\bin\firebase.js init hosting
[debug] [2026-07-26T14:26:03.800Z] CLI Version:   15.23.0
[debug] [2026-07-26T14:26:03.801Z] Platform:      win32
[debug] [2026-07-26T14:26:03.801Z] Node Version:  v24.13.1
[debug] [2026-07-26T14:26:03.801Z] Detected Agent: unknown
[debug] [2026-07-26T14:26:03.802Z] Time:          Sun Jul 26 2026 19:56:03 GMT+0530 (India Standard Time)
[debug] [2026-07-26T14:26:03.803Z] ----------------------------------------------------------------------
[debug] 
[debug] [2026-07-26T14:26:25.984Z] Object "" in "firebase.json" has unknown property: {"additionalProperty":"flutter"}
[debug] [2026-07-26T14:26:26.464Z] Object "" in "firebase.json" has unknown property: {"additionalProperty":"flutter"}
[info] 
     ######## #### ########  ######## ########     ###     ######  ########
     ##        ##  ##     ## ##       ##     ##  ##   ##  ##       ##
     ######    ##  ########  ######   ########  #########  ######  ######
     ##        ##  ##    ##  ##       ##     ## ##     ##       ## ##
     ##       #### ##     ## ######## ########  ##     ##  ######  ########

You're about to initialize a Firebase project in this directory:

  C:\Users\DIVYA\SigNozhack\atlasai_app

Before we get started, keep in mind:

  * You are initializing within an existing Firebase project directory

